../Core/Src/main.c:85:8:bme280_read	112	static
../Core/Src/main.c:106:8:bme280_write	120	static
../Core/Src/main.c:137:8:calculate_altitude	48	static
../Core/Src/main.c:148:6:readSensors	56	static
../Core/Src/main.c:180:5:main	48	static
../Core/Src/main.c:248:6:SystemClock_Config	72	static
../Core/Src/main.c:285:13:MX_I2C1_Init	8	static
../Core/Src/main.c:319:13:MX_TIM2_Init	64	static
../Core/Src/main.c:378:13:MX_USART1_UART_Init	8	static
../Core/Src/main.c:411:13:MX_USART3_UART_Init	8	static
../Core/Src/main.c:444:13:MX_GPIO_Init	40	static
../Core/Src/main.c:516:6:Error_Handler	4	static,ignoring_inline_asm
